<?xml version="1.0"?>
<link_info>
   <banner>TI ARM Linker PC v16.9.6.LTS</banner>
   <copyright>Copyright (c) 1996-2017 Texas Instruments Incorporated</copyright>
   <link_time>0x5a6ab735</link_time>
   <link_errors>0x0</link_errors>
   <output_file>freertos_demo.out</output_file>
   <entry_point>
      <name>_c_int00</name>
      <address>0x2000a33d</address>
   </entry_point>
   <input_file_list>
      <input_file id="fl-2">
         <path>.\</path>
         <kind>object</kind>
         <file>cc3200_ds18b20.obj</file>
         <name>cc3200_ds18b20.obj</name>
      </input_file>
      <input_file id="fl-3">
         <path>.\</path>
         <kind>object</kind>
         <file>gpio_if.obj</file>
         <name>gpio_if.obj</name>
      </input_file>
      <input_file id="fl-4">
         <path>.\</path>
         <kind>object</kind>
         <file>main.obj</file>
         <name>main.obj</name>
      </input_file>
      <input_file id="fl-5">
         <path>.\</path>
         <kind>object</kind>
         <file>pinmux.obj</file>
         <name>pinmux.obj</name>
      </input_file>
      <input_file id="fl-6">
         <path>.\</path>
         <kind>object</kind>
         <file>startup_ccs.obj</file>
         <name>startup_ccs.obj</name>
      </input_file>
      <input_file id="fl-7">
         <path>.\</path>
         <kind>object</kind>
         <file>uart_if.obj</file>
         <name>uart_if.obj</name>
      </input_file>
      <input_file id="fl-d">
         <kind>object</kind>
         <file>&lt;internal&gt;</file>
         <name>&lt;internal&gt;</name>
      </input_file>
      <input_file id="fl-c3">
         <path>C:\ti\ccsv7\tools\compiler\ti-cgt-arm_16.9.6.LTS\lib\</path>
         <kind>archive</kind>
         <file>rtsv7M4_T_le_eabi.lib</file>
         <name>boot.obj</name>
      </input_file>
      <input_file id="fl-c4">
         <path>C:\ti\ccsv7\tools\compiler\ti-cgt-arm_16.9.6.LTS\lib\</path>
         <kind>archive</kind>
         <file>rtsv7M4_T_le_eabi.lib</file>
         <name>copy_decompress_lzss.obj</name>
      </input_file>
      <input_file id="fl-c5">
         <path>C:\ti\ccsv7\tools\compiler\ti-cgt-arm_16.9.6.LTS\lib\</path>
         <kind>archive</kind>
         <file>rtsv7M4_T_le_eabi.lib</file>
         <name>copy_decompress_none.obj</name>
      </input_file>
      <input_file id="fl-c6">
         <path>C:\ti\ccsv7\tools\compiler\ti-cgt-arm_16.9.6.LTS\lib\</path>
         <kind>archive</kind>
         <file>rtsv7M4_T_le_eabi.lib</file>
         <name>copy_zero_init.obj</name>
      </input_file>
      <input_file id="fl-c7">
         <path>C:\ti\ccsv7\tools\compiler\ti-cgt-arm_16.9.6.LTS\lib\</path>
         <kind>archive</kind>
         <file>rtsv7M4_T_le_eabi.lib</file>
         <name>exit.obj</name>
      </input_file>
      <input_file id="fl-c8">
         <path>C:\ti\ccsv7\tools\compiler\ti-cgt-arm_16.9.6.LTS\lib\</path>
         <kind>archive</kind>
         <file>rtsv7M4_T_le_eabi.lib</file>
         <name>fd_add_t2.obj</name>
      </input_file>
      <input_file id="fl-c9">
         <path>C:\ti\ccsv7\tools\compiler\ti-cgt-arm_16.9.6.LTS\lib\</path>
         <kind>archive</kind>
         <file>rtsv7M4_T_le_eabi.lib</file>
         <name>fd_mul_t2.obj</name>
      </input_file>
      <input_file id="fl-ca">
         <path>C:\ti\ccsv7\tools\compiler\ti-cgt-arm_16.9.6.LTS\lib\</path>
         <kind>archive</kind>
         <file>rtsv7M4_T_le_eabi.lib</file>
         <name>fd_tos_t2.obj</name>
      </input_file>
      <input_file id="fl-cb">
         <path>C:\ti\ccsv7\tools\compiler\ti-cgt-arm_16.9.6.LTS\lib\</path>
         <kind>archive</kind>
         <file>rtsv7M4_T_le_eabi.lib</file>
         <name>fs_div_t2.obj</name>
      </input_file>
      <input_file id="fl-cc">
         <path>C:\ti\ccsv7\tools\compiler\ti-cgt-arm_16.9.6.LTS\lib\</path>
         <kind>archive</kind>
         <file>rtsv7M4_T_le_eabi.lib</file>
         <name>fs_tod_t2.obj</name>
      </input_file>
      <input_file id="fl-cd">
         <path>C:\ti\ccsv7\tools\compiler\ti-cgt-arm_16.9.6.LTS\lib\</path>
         <kind>archive</kind>
         <file>rtsv7M4_T_le_eabi.lib</file>
         <name>memcpy_t2.obj</name>
      </input_file>
      <input_file id="fl-ce">
         <path>C:\ti\ccsv7\tools\compiler\ti-cgt-arm_16.9.6.LTS\lib\</path>
         <kind>archive</kind>
         <file>rtsv7M4_T_le_eabi.lib</file>
         <name>memmov.obj</name>
      </input_file>
      <input_file id="fl-cf">
         <path>C:\ti\ccsv7\tools\compiler\ti-cgt-arm_16.9.6.LTS\lib\</path>
         <kind>archive</kind>
         <file>rtsv7M4_T_le_eabi.lib</file>
         <name>memory.obj</name>
      </input_file>
      <input_file id="fl-d0">
         <path>C:\ti\ccsv7\tools\compiler\ti-cgt-arm_16.9.6.LTS\lib\</path>
         <kind>archive</kind>
         <file>rtsv7M4_T_le_eabi.lib</file>
         <name>memset_t2.obj</name>
      </input_file>
      <input_file id="fl-d1">
         <path>C:\ti\ccsv7\tools\compiler\ti-cgt-arm_16.9.6.LTS\lib\</path>
         <kind>archive</kind>
         <file>rtsv7M4_T_le_eabi.lib</file>
         <name>mpu_init.obj</name>
      </input_file>
      <input_file id="fl-d2">
         <path>C:\ti\ccsv7\tools\compiler\ti-cgt-arm_16.9.6.LTS\lib\</path>
         <kind>archive</kind>
         <file>rtsv7M4_T_le_eabi.lib</file>
         <name>pre_init.obj</name>
      </input_file>
      <input_file id="fl-d3">
         <path>C:\ti\ccsv7\tools\compiler\ti-cgt-arm_16.9.6.LTS\lib\</path>
         <kind>archive</kind>
         <file>rtsv7M4_T_le_eabi.lib</file>
         <name>stkdepth_vars.obj</name>
      </input_file>
      <input_file id="fl-d4">
         <path>C:\ti\ccsv7\tools\compiler\ti-cgt-arm_16.9.6.LTS\lib\</path>
         <kind>archive</kind>
         <file>rtsv7M4_T_le_eabi.lib</file>
         <name>strlen.obj</name>
      </input_file>
      <input_file id="fl-d5">
         <path>C:\ti\ccsv7\tools\compiler\ti-cgt-arm_16.9.6.LTS\lib\</path>
         <kind>archive</kind>
         <file>rtsv7M4_T_le_eabi.lib</file>
         <name>u_tofs_t2.obj</name>
      </input_file>
      <input_file id="fl-d6">
         <path>C:\ti\ccsv7\tools\compiler\ti-cgt-arm_16.9.6.LTS\lib\</path>
         <kind>archive</kind>
         <file>rtsv7M4_T_le_eabi.lib</file>
         <name>vsnprintf.obj</name>
      </input_file>
      <input_file id="fl-d7">
         <path>C:\ti\ccsv7\tools\compiler\ti-cgt-arm_16.9.6.LTS\lib\</path>
         <kind>archive</kind>
         <file>rtsv7M4_T_le_eabi.lib</file>
         <name>_lock.obj</name>
      </input_file>
      <input_file id="fl-d8">
         <path>C:\ti\ccsv7\tools\compiler\ti-cgt-arm_16.9.6.LTS\lib\</path>
         <kind>archive</kind>
         <file>rtsv7M4_T_le_eabi.lib</file>
         <name>_printfi.obj</name>
      </input_file>
      <input_file id="fl-d9">
         <path>C:\ti\ccsv7\tools\compiler\ti-cgt-arm_16.9.6.LTS\lib\</path>
         <kind>archive</kind>
         <file>rtsv7M4_T_le_eabi.lib</file>
         <name>args_main.obj</name>
      </input_file>
      <input_file id="fl-da">
         <path>C:\ti\ccsv7\tools\compiler\ti-cgt-arm_16.9.6.LTS\lib\</path>
         <kind>archive</kind>
         <file>rtsv7M4_T_le_eabi.lib</file>
         <name>atoi.obj</name>
      </input_file>
      <input_file id="fl-db">
         <path>C:\ti\ccsv7\tools\compiler\ti-cgt-arm_16.9.6.LTS\lib\</path>
         <kind>archive</kind>
         <file>rtsv7M4_T_le_eabi.lib</file>
         <name>autoinit.obj</name>
      </input_file>
      <input_file id="fl-dc">
         <path>C:\ti\ccsv7\tools\compiler\ti-cgt-arm_16.9.6.LTS\lib\</path>
         <kind>archive</kind>
         <file>rtsv7M4_T_le_eabi.lib</file>
         <name>cpy_tbl.obj</name>
      </input_file>
      <input_file id="fl-dd">
         <path>C:\ti\ccsv7\tools\compiler\ti-cgt-arm_16.9.6.LTS\lib\</path>
         <kind>archive</kind>
         <file>rtsv7M4_T_le_eabi.lib</file>
         <name>ctype.obj</name>
      </input_file>
      <input_file id="fl-de">
         <path>C:\ti\ccsv7\tools\compiler\ti-cgt-arm_16.9.6.LTS\lib\</path>
         <kind>archive</kind>
         <file>rtsv7M4_T_le_eabi.lib</file>
         <name>fd_cmp_t2.obj</name>
      </input_file>
      <input_file id="fl-df">
         <path>C:\ti\ccsv7\tools\compiler\ti-cgt-arm_16.9.6.LTS\lib\</path>
         <kind>archive</kind>
         <file>rtsv7M4_T_le_eabi.lib</file>
         <name>fd_div_t2.obj</name>
      </input_file>
      <input_file id="fl-e0">
         <path>C:\ti\ccsv7\tools\compiler\ti-cgt-arm_16.9.6.LTS\lib\</path>
         <kind>archive</kind>
         <file>rtsv7M4_T_le_eabi.lib</file>
         <name>fd_toi_t2.obj</name>
      </input_file>
      <input_file id="fl-e1">
         <path>C:\ti\ccsv7\tools\compiler\ti-cgt-arm_16.9.6.LTS\lib\</path>
         <kind>archive</kind>
         <file>rtsv7M4_T_le_eabi.lib</file>
         <name>i_tofd_t2.obj</name>
      </input_file>
      <input_file id="fl-e2">
         <path>C:\ti\ccsv7\tools\compiler\ti-cgt-arm_16.9.6.LTS\lib\</path>
         <kind>archive</kind>
         <file>rtsv7M4_T_le_eabi.lib</file>
         <name>ltoa.obj</name>
      </input_file>
      <input_file id="fl-e3">
         <path>C:\ti\ccsv7\tools\compiler\ti-cgt-arm_16.9.6.LTS\lib\</path>
         <kind>archive</kind>
         <file>rtsv7M4_T_le_eabi.lib</file>
         <name>memccpy.obj</name>
      </input_file>
      <input_file id="fl-e4">
         <path>C:\ti\ccsv7\tools\compiler\ti-cgt-arm_16.9.6.LTS\lib\</path>
         <kind>archive</kind>
         <file>rtsv7M4_T_le_eabi.lib</file>
         <name>s_frexp.obj</name>
      </input_file>
      <input_file id="fl-e5">
         <path>C:\ti\ccsv7\tools\compiler\ti-cgt-arm_16.9.6.LTS\lib\</path>
         <kind>archive</kind>
         <file>rtsv7M4_T_le_eabi.lib</file>
         <name>s_scalbn.obj</name>
      </input_file>
      <input_file id="fl-e6">
         <path>C:\ti\ccsv7\tools\compiler\ti-cgt-arm_16.9.6.LTS\lib\</path>
         <kind>archive</kind>
         <file>rtsv7M4_T_le_eabi.lib</file>
         <name>startup.obj</name>
      </input_file>
      <input_file id="fl-e7">
         <path>C:\ti\ccsv7\tools\compiler\ti-cgt-arm_16.9.6.LTS\lib\</path>
         <kind>archive</kind>
         <file>rtsv7M4_T_le_eabi.lib</file>
         <name>strchr.obj</name>
      </input_file>
      <input_file id="fl-e8">
         <path>C:\ti\ccsv7\tools\compiler\ti-cgt-arm_16.9.6.LTS\lib\</path>
         <kind>archive</kind>
         <file>rtsv7M4_T_le_eabi.lib</file>
         <name>ull_div_t2.obj</name>
      </input_file>
      <input_file id="fl-e9">
         <path>C:\ti\ccsv7\tools\compiler\ti-cgt-arm_16.9.6.LTS\lib\</path>
         <kind>archive</kind>
         <file>rtsv7M4_T_le_eabi.lib</file>
         <name>errno.obj</name>
      </input_file>
      <input_file id="fl-ea">
         <path>C:\ti\ccsv7\tools\compiler\ti-cgt-arm_16.9.6.LTS\lib\</path>
         <kind>archive</kind>
         <file>rtsv7M4_T_le_eabi.lib</file>
         <name>s_copysign.obj</name>
      </input_file>
      <input_file id="fl-eb">
         <path>C:\ti\CC3200SDK_1.3.0\cc3200-sdk\oslib\ccs\free_rtos\</path>
         <kind>archive</kind>
         <file>free_rtos.a</file>
         <name>osi_freertos.obj</name>
      </input_file>
      <input_file id="fl-ec">
         <path>C:\ti\CC3200SDK_1.3.0\cc3200-sdk\oslib\ccs\free_rtos\</path>
         <kind>archive</kind>
         <file>free_rtos.a</file>
         <name>port.obj</name>
      </input_file>
      <input_file id="fl-ed">
         <path>C:\ti\CC3200SDK_1.3.0\cc3200-sdk\oslib\ccs\free_rtos\</path>
         <kind>archive</kind>
         <file>free_rtos.a</file>
         <name>portasm.obj</name>
      </input_file>
      <input_file id="fl-ee">
         <path>C:\ti\CC3200SDK_1.3.0\cc3200-sdk\oslib\ccs\free_rtos\</path>
         <kind>archive</kind>
         <file>free_rtos.a</file>
         <name>queue.obj</name>
      </input_file>
      <input_file id="fl-ef">
         <path>C:\ti\CC3200SDK_1.3.0\cc3200-sdk\oslib\ccs\free_rtos\</path>
         <kind>archive</kind>
         <file>free_rtos.a</file>
         <name>tasks.obj</name>
      </input_file>
      <input_file id="fl-f0">
         <path>C:\ti\CC3200SDK_1.3.0\cc3200-sdk\oslib\ccs\free_rtos\</path>
         <kind>archive</kind>
         <file>free_rtos.a</file>
         <name>heap_3.obj</name>
      </input_file>
      <input_file id="fl-f1">
         <path>C:\ti\CC3200SDK_1.3.0\cc3200-sdk\oslib\ccs\free_rtos\</path>
         <kind>archive</kind>
         <file>free_rtos.a</file>
         <name>list.obj</name>
      </input_file>
      <input_file id="fl-f2">
         <path>C:\ti\CC3200SDK_1.3.0\cc3200-sdk\driverlib\ccs\Release\</path>
         <kind>archive</kind>
         <file>driverlib.a</file>
         <name>gpio.obj</name>
      </input_file>
      <input_file id="fl-f3">
         <path>C:\ti\CC3200SDK_1.3.0\cc3200-sdk\driverlib\ccs\Release\</path>
         <kind>archive</kind>
         <file>driverlib.a</file>
         <name>interrupt.obj</name>
      </input_file>
      <input_file id="fl-f4">
         <path>C:\ti\CC3200SDK_1.3.0\cc3200-sdk\driverlib\ccs\Release\</path>
         <kind>archive</kind>
         <file>driverlib.a</file>
         <name>pin.obj</name>
      </input_file>
      <input_file id="fl-f5">
         <path>C:\ti\CC3200SDK_1.3.0\cc3200-sdk\driverlib\ccs\Release\</path>
         <kind>archive</kind>
         <file>driverlib.a</file>
         <name>prcm.obj</name>
      </input_file>
      <input_file id="fl-f6">
         <path>C:\ti\CC3200SDK_1.3.0\cc3200-sdk\driverlib\ccs\Release\</path>
         <kind>archive</kind>
         <file>driverlib.a</file>
         <name>uart.obj</name>
      </input_file>
      <input_file id="fl-f7">
         <path>C:\ti\CC3200SDK_1.3.0\cc3200-sdk\driverlib\ccs\Release\</path>
         <kind>archive</kind>
         <file>driverlib.a</file>
         <name>utils.obj</name>
      </input_file>
      <input_file id="fl-f8">
         <path>C:\ti\CC3200SDK_1.3.0\cc3200-sdk\driverlib\ccs\Release\</path>
         <kind>archive</kind>
         <file>driverlib.a</file>
         <name>cpu.obj</name>
      </input_file>
      <input_file id="fl-f9">
         <path>C:\ti\CC3200SDK_1.3.0\cc3200-sdk\driverlib\ccs\Release\</path>
         <kind>archive</kind>
         <file>driverlib.a</file>
         <name>flash.obj</name>
      </input_file>
   </input_file_list>
   <object_component_list>
      <object_component id="oc-f">
         <name>.intvecs</name>
         <load_address>0x20004000</load_address>
         <run_address>0x20004000</run_address>
         <size>0x400</size>
         <input_file_ref idref="fl-6"/>
      </object_component>
      <object_component id="oc-8b">
         <name>.text</name>
         <load_address>0x20004400</load_address>
         <run_address>0x20004400</run_address>
         <size>0x125c</size>
         <input_file_ref idref="fl-ef"/>
      </object_component>
      <object_component id="oc-2f7">
         <name>.text</name>
         <load_address>0x2000565c</load_address>
         <run_address>0x2000565c</run_address>
         <size>0x1122</size>
         <input_file_ref idref="fl-d8"/>
      </object_component>
      <object_component id="oc-328">
         <name>.text:IntDefaultHandler</name>
         <load_address>0x2000677e</load_address>
         <run_address>0x2000677e</run_address>
         <size>0x2</size>
         <input_file_ref idref="fl-f3"/>
      </object_component>
      <object_component id="oc-28d">
         <name>.text</name>
         <load_address>0x20006780</load_address>
         <run_address>0x20006780</run_address>
         <size>0xb24</size>
         <input_file_ref idref="fl-ee"/>
      </object_component>
      <object_component id="oc-12b">
         <name>.text</name>
         <load_address>0x200072a4</load_address>
         <run_address>0x200072a4</run_address>
         <size>0x9e8</size>
         <input_file_ref idref="fl-2"/>
      </object_component>
      <object_component id="oc-15b">
         <name>.text</name>
         <load_address>0x20007c8c</load_address>
         <run_address>0x20007c8c</run_address>
         <size>0x45c</size>
         <input_file_ref idref="fl-eb"/>
      </object_component>
      <object_component id="oc-193">
         <name>.text</name>
         <load_address>0x200080e8</load_address>
         <run_address>0x200080e8</run_address>
         <size>0x3d0</size>
         <input_file_ref idref="fl-cf"/>
      </object_component>
      <object_component id="oc-1c9">
         <name>.text</name>
         <load_address>0x200084b8</load_address>
         <run_address>0x200084b8</run_address>
         <size>0x390</size>
         <input_file_ref idref="fl-3"/>
      </object_component>
      <object_component id="oc-131">
         <name>.text</name>
         <load_address>0x20008848</load_address>
         <run_address>0x20008848</run_address>
         <size>0x290</size>
         <input_file_ref idref="fl-7"/>
      </object_component>
      <object_component id="oc-cc">
         <name>.text</name>
         <load_address>0x20008ad8</load_address>
         <run_address>0x20008ad8</run_address>
         <size>0x28c</size>
         <input_file_ref idref="fl-4"/>
      </object_component>
      <object_component id="oc-34f">
         <name>.text</name>
         <load_address>0x20008d64</load_address>
         <run_address>0x20008d64</run_address>
         <size>0x1f4</size>
         <input_file_ref idref="fl-e8"/>
      </object_component>
      <object_component id="oc-1e7">
         <name>.text</name>
         <load_address>0x20008f58</load_address>
         <run_address>0x20008f58</run_address>
         <size>0x1b6</size>
         <input_file_ref idref="fl-c8"/>
      </object_component>
      <object_component id="oc-64">
         <name>.text</name>
         <load_address>0x2000910e</load_address>
         <run_address>0x2000910e</run_address>
         <size>0x2</size>
         <input_file_ref idref="fl-d1"/>
      </object_component>
      <object_component id="oc-14f">
         <name>.text:PRCMCC3200MCUInit</name>
         <load_address>0x20009110</load_address>
         <run_address>0x20009110</run_address>
         <size>0x178</size>
         <input_file_ref idref="fl-f5"/>
      </object_component>
      <object_component id="oc-359">
         <name>.text</name>
         <load_address>0x20009288</load_address>
         <run_address>0x20009288</run_address>
         <size>0x136</size>
         <input_file_ref idref="fl-df"/>
      </object_component>
      <object_component id="oc-eb">
         <name>.text</name>
         <load_address>0x200093be</load_address>
         <run_address>0x200093be</run_address>
         <size>0x12a</size>
         <input_file_ref idref="fl-f1"/>
      </object_component>
      <object_component id="oc-38">
         <name>.text</name>
         <load_address>0x200094e8</load_address>
         <run_address>0x200094e8</run_address>
         <size>0x110</size>
         <input_file_ref idref="fl-ec"/>
      </object_component>
      <object_component id="oc-1e2">
         <name>.text</name>
         <load_address>0x200095f8</load_address>
         <run_address>0x200095f8</run_address>
         <size>0xfc</size>
         <input_file_ref idref="fl-c9"/>
      </object_component>
      <object_component id="oc-379">
         <name>.text</name>
         <load_address>0x200096f4</load_address>
         <run_address>0x200096f4</run_address>
         <size>0xd0</size>
         <input_file_ref idref="fl-e5"/>
      </object_component>
      <object_component id="oc-33">
         <name>.text</name>
         <load_address>0x200097c4</load_address>
         <run_address>0x200097c4</run_address>
         <size>0xba</size>
         <input_file_ref idref="fl-ed"/>
      </object_component>
      <object_component id="oc-c4">
         <name>.text</name>
         <load_address>0x2000987e</load_address>
         <run_address>0x2000987e</run_address>
         <size>0x2</size>
         <input_file_ref idref="fl-e6"/>
      </object_component>
      <object_component id="oc-281">
         <name>.text:IntDisable</name>
         <load_address>0x20009880</load_address>
         <run_address>0x20009880</run_address>
         <size>0xa8</size>
         <input_file_ref idref="fl-f3"/>
      </object_component>
      <object_component id="oc-149">
         <name>.text:IntEnable</name>
         <load_address>0x20009928</load_address>
         <run_address>0x20009928</run_address>
         <size>0xa8</size>
         <input_file_ref idref="fl-f3"/>
      </object_component>
      <object_component id="oc-4c">
         <name>.text</name>
         <load_address>0x200099d0</load_address>
         <run_address>0x200099d0</run_address>
         <size>0x9c</size>
         <input_file_ref idref="fl-cd"/>
      </object_component>
      <object_component id="oc-1f8">
         <name>.text:PRCMPeripheralClockGet</name>
         <load_address>0x20009a6c</load_address>
         <run_address>0x20009a6c</run_address>
         <size>0x94</size>
         <input_file_ref idref="fl-f5"/>
      </object_component>
      <object_component id="oc-1dd">
         <name>.text</name>
         <load_address>0x20009b00</load_address>
         <run_address>0x20009b00</run_address>
         <size>0x92</size>
         <input_file_ref idref="fl-cb"/>
      </object_component>
      <object_component id="oc-1c3">
         <name>.text:PinConfigSet</name>
         <load_address>0x20009b94</load_address>
         <run_address>0x20009b94</run_address>
         <size>0x88</size>
         <input_file_ref idref="fl-f4"/>
      </object_component>
      <object_component id="oc-20a">
         <name>.text</name>
         <load_address>0x20009c1c</load_address>
         <run_address>0x20009c1c</run_address>
         <size>0x88</size>
         <input_file_ref idref="fl-d6"/>
      </object_component>
      <object_component id="oc-354">
         <name>.text:__aeabi_cdcmple</name>
         <load_address>0x20009ca4</load_address>
         <run_address>0x20009ca4</run_address>
         <size>0x86</size>
         <input_file_ref idref="fl-de"/>
      </object_component>
      <object_component id="oc-35e">
         <name>.text:__aeabi_cdrcmple</name>
         <load_address>0x20009d2a</load_address>
         <run_address>0x20009d2a</run_address>
         <size>0x86</size>
         <input_file_ref idref="fl-de"/>
      </object_component>
      <object_component id="oc-2b6">
         <name>.text:GPIOIntTypeSet</name>
         <load_address>0x20009db0</load_address>
         <run_address>0x20009db0</run_address>
         <size>0x82</size>
         <input_file_ref idref="fl-f2"/>
      </object_component>
      <object_component id="oc-58">
         <name>.text</name>
         <load_address>0x20009e32</load_address>
         <run_address>0x20009e32</run_address>
         <size>0x7a</size>
         <input_file_ref idref="fl-d0"/>
      </object_component>
      <object_component id="oc-1fe">
         <name>.text:UARTConfigSetExpClk</name>
         <load_address>0x20009eac</load_address>
         <run_address>0x20009eac</run_address>
         <size>0x76</size>
         <input_file_ref idref="fl-f6"/>
      </object_component>
      <object_component id="oc-70">
         <name>.text</name>
         <load_address>0x20009f24</load_address>
         <run_address>0x20009f24</run_address>
         <size>0x70</size>
         <input_file_ref idref="fl-db"/>
      </object_component>
      <object_component id="oc-1ec">
         <name>.text</name>
         <load_address>0x20009f94</load_address>
         <run_address>0x20009f94</run_address>
         <size>0x6e</size>
         <input_file_ref idref="fl-ca"/>
      </object_component>
      <object_component id="oc-12">
         <name>.text:decompress:lzss</name>
         <load_address>0x2000a002</load_address>
         <run_address>0x2000a002</run_address>
         <size>0x68</size>
         <input_file_ref idref="fl-c4"/>
      </object_component>
      <object_component id="oc-373">
         <name>.text</name>
         <load_address>0x2000a06c</load_address>
         <run_address>0x2000a06c</run_address>
         <size>0x5c</size>
         <input_file_ref idref="fl-e4"/>
      </object_component>
      <object_component id="oc-261">
         <name>.text:PRCMPeripheralReset</name>
         <load_address>0x2000a0c8</load_address>
         <run_address>0x2000a0c8</run_address>
         <size>0x58</size>
         <input_file_ref idref="fl-f5"/>
      </object_component>
      <object_component id="oc-27b">
         <name>.text:IntPrioritySet</name>
         <load_address>0x2000a120</load_address>
         <run_address>0x2000a120</run_address>
         <size>0x54</size>
         <input_file_ref idref="fl-f3"/>
      </object_component>
      <object_component id="oc-7c">
         <name>.text</name>
         <load_address>0x2000a174</load_address>
         <run_address>0x2000a174</run_address>
         <size>0x54</size>
         <input_file_ref idref="fl-c7"/>
      </object_component>
      <object_component id="oc-368">
         <name>.text</name>
         <load_address>0x2000a1c8</load_address>
         <run_address>0x2000a1c8</run_address>
         <size>0x54</size>
         <input_file_ref idref="fl-e2"/>
      </object_component>
      <object_component id="oc-385">
         <name>.text</name>
         <load_address>0x2000a21c</load_address>
         <run_address>0x2000a21c</run_address>
         <size>0x4c</size>
         <input_file_ref idref="fl-da"/>
      </object_component>
      <object_component id="oc-be">
         <name>.text</name>
         <load_address>0x2000a268</load_address>
         <run_address>0x2000a268</run_address>
         <size>0x4c</size>
         <input_file_ref idref="fl-dc"/>
      </object_component>
      <object_component id="oc-363">
         <name>.text</name>
         <load_address>0x2000a2b4</load_address>
         <run_address>0x2000a2b4</run_address>
         <size>0x48</size>
         <input_file_ref idref="fl-e0"/>
      </object_component>
      <object_component id="oc-2ab">
         <name>.text:PinModeSet</name>
         <load_address>0x2000a2fc</load_address>
         <run_address>0x2000a2fc</run_address>
         <size>0x40</size>
         <input_file_ref idref="fl-f4"/>
      </object_component>
      <object_component id="oc-24">
         <name>.text</name>
         <load_address>0x2000a33c</load_address>
         <run_address>0x2000a33c</run_address>
         <size>0x40</size>
         <input_file_ref idref="fl-c3"/>
      </object_component>
      <object_component id="oc-25b">
         <name>.text:PRCMPeripheralClkEnable</name>
         <load_address>0x2000a37c</load_address>
         <run_address>0x2000a37c</run_address>
         <size>0x3c</size>
         <input_file_ref idref="fl-f5"/>
      </object_component>
      <object_component id="oc-fb">
         <name>.text</name>
         <load_address>0x2000a3b8</load_address>
         <run_address>0x2000a3b8</run_address>
         <size>0x38</size>
         <input_file_ref idref="fl-f0"/>
      </object_component>
      <object_component id="oc-137">
         <name>.text</name>
         <load_address>0x2000a3f0</load_address>
         <run_address>0x2000a3f0</run_address>
         <size>0x38</size>
         <input_file_ref idref="fl-cc"/>
      </object_component>
      <object_component id="oc-1cf">
         <name>.text:GPIODirModeSet</name>
         <load_address>0x2000a428</load_address>
         <run_address>0x2000a428</run_address>
         <size>0x36</size>
         <input_file_ref idref="fl-f2"/>
      </object_component>
      <object_component id="oc-1bd">
         <name>.text:PinTypeGPIO</name>
         <load_address>0x2000a45e</load_address>
         <run_address>0x2000a45e</run_address>
         <size>0x30</size>
         <input_file_ref idref="fl-f4"/>
      </object_component>
      <object_component id="oc-2e9">
         <name>.text:UARTDisable</name>
         <load_address>0x2000a490</load_address>
         <run_address>0x2000a490</run_address>
         <size>0x30</size>
         <input_file_ref idref="fl-f6"/>
      </object_component>
      <object_component id="oc-36e">
         <name>.text</name>
         <load_address>0x2000a4c0</load_address>
         <run_address>0x2000a4c0</run_address>
         <size>0x2e</size>
         <input_file_ref idref="fl-e1"/>
      </object_component>
      <object_component id="oc-249">
         <name>.text:PRCMSysResetCauseGet</name>
         <load_address>0x2000a4f0</load_address>
         <run_address>0x2000a4f0</run_address>
         <size>0x2c</size>
         <input_file_ref idref="fl-f5"/>
      </object_component>
      <object_component id="oc-267">
         <name>.text:PRCMPeripheralClkDisable</name>
         <load_address>0x2000a51c</load_address>
         <run_address>0x2000a51c</run_address>
         <size>0x28</size>
         <input_file_ref idref="fl-f5"/>
      </object_component>
      <object_component id="oc-287">
         <name>.text:IntUnregister</name>
         <load_address>0x2000a544</load_address>
         <run_address>0x2000a544</run_address>
         <size>0x24</size>
         <input_file_ref idref="fl-f3"/>
      </object_component>
      <object_component id="oc-2ef">
         <name>.text:UARTEnable</name>
         <load_address>0x2000a568</load_address>
         <run_address>0x2000a568</run_address>
         <size>0x24</size>
         <input_file_ref idref="fl-f6"/>
      </object_component>
      <object_component id="oc-155">
         <name>.text</name>
         <load_address>0x2000a58c</load_address>
         <run_address>0x2000a58c</run_address>
         <size>0x24</size>
         <input_file_ref idref="fl-5"/>
      </object_component>
      <object_component id="oc-222">
         <name>.text</name>
         <load_address>0x2000a5b0</load_address>
         <run_address>0x2000a5b0</run_address>
         <size>0x24</size>
         <input_file_ref idref="fl-ce"/>
      </object_component>
      <object_component id="oc-1d8">
         <name>.text</name>
         <load_address>0x2000a5d4</load_address>
         <run_address>0x2000a5d4</run_address>
         <size>0x24</size>
         <input_file_ref idref="fl-d5"/>
      </object_component>
      <object_component id="oc-2c8">
         <name>.text:GPIOPinWrite</name>
         <load_address>0x2000a5f8</load_address>
         <run_address>0x2000a5f8</run_address>
         <size>0x20</size>
         <input_file_ref idref="fl-f2"/>
      </object_component>
      <object_component id="oc-275">
         <name>.text:IntRegister</name>
         <load_address>0x2000a618</load_address>
         <run_address>0x2000a618</run_address>
         <size>0x20</size>
         <input_file_ref idref="fl-f3"/>
      </object_component>
      <object_component id="oc-204">
         <name>.text:UARTCharPut</name>
         <load_address>0x2000a638</load_address>
         <run_address>0x2000a638</run_address>
         <size>0x1e</size>
         <input_file_ref idref="fl-f6"/>
      </object_component>
      <object_component id="oc-216">
         <name>.text:UARTCharGetNonBlocking</name>
         <load_address>0x2000a656</load_address>
         <run_address>0x2000a656</run_address>
         <size>0x1c</size>
         <input_file_ref idref="fl-f6"/>
      </object_component>
      <object_component id="oc-38b">
         <name>.text</name>
         <load_address>0x2000a672</load_address>
         <run_address>0x2000a672</run_address>
         <size>0x1c</size>
         <input_file_ref idref="fl-e3"/>
      </object_component>
      <object_component id="oc-2c2">
         <name>.text:GPIOIntEnable</name>
         <load_address>0x2000a68e</load_address>
         <run_address>0x2000a68e</run_address>
         <size>0x1a</size>
         <input_file_ref idref="fl-f2"/>
      </object_component>
      <object_component id="oc-26e">
         <name>.text:PinTypeUART</name>
         <load_address>0x2000a6a8</load_address>
         <run_address>0x2000a6a8</run_address>
         <size>0x1a</size>
         <input_file_ref idref="fl-f4"/>
      </object_component>
      <object_component id="oc-2ce">
         <name>.text:GPIOPinRead</name>
         <load_address>0x2000a6c2</load_address>
         <run_address>0x2000a6c2</run_address>
         <size>0x18</size>
         <input_file_ref idref="fl-f2"/>
      </object_component>
      <object_component id="oc-210">
         <name>.text:UARTCharsAvail</name>
         <load_address>0x2000a6da</load_address>
         <run_address>0x2000a6da</run_address>
         <size>0x18</size>
         <input_file_ref idref="fl-f6"/>
      </object_component>
      <object_component id="oc-76">
         <name>.text</name>
         <load_address>0x2000a6f4</load_address>
         <run_address>0x2000a6f4</run_address>
         <size>0x18</size>
         <input_file_ref idref="fl-d9"/>
      </object_component>
      <object_component id="oc-24f">
         <name>.text:PRCMHIBRegRead</name>
         <load_address>0x2000a70c</load_address>
         <run_address>0x2000a70c</run_address>
         <size>0x16</size>
         <input_file_ref idref="fl-f5"/>
      </object_component>
      <object_component id="oc-255">
         <name>.text:PRCMHIBRegWrite</name>
         <load_address>0x2000a722</load_address>
         <run_address>0x2000a722</run_address>
         <size>0x16</size>
         <input_file_ref idref="fl-f5"/>
      </object_component>
      <object_component id="oc-37f">
         <name>.text</name>
         <load_address>0x2000a738</load_address>
         <run_address>0x2000a738</run_address>
         <size>0x16</size>
         <input_file_ref idref="fl-e7"/>
      </object_component>
      <object_component id="oc-239">
         <name>.text:CPUcpsie</name>
         <load_address>0x2000a74e</load_address>
         <run_address>0x2000a74e</run_address>
         <size>0x14</size>
         <input_file_ref idref="fl-f8"/>
      </object_component>
      <object_component id="oc-2bc">
         <name>.text:GPIOIntClear</name>
         <load_address>0x2000a762</load_address>
         <run_address>0x2000a762</run_address>
         <size>0x14</size>
         <input_file_ref idref="fl-f2"/>
      </object_component>
      <object_component id="oc-13d">
         <name>.text:IntVTableBaseSet</name>
         <load_address>0x2000a778</load_address>
         <run_address>0x2000a778</run_address>
         <size>0x14</size>
         <input_file_ref idref="fl-f3"/>
      </object_component>
      <object_component id="oc-172">
         <name>.text</name>
         <load_address>0x2000a78c</load_address>
         <run_address>0x2000a78c</run_address>
         <size>0x14</size>
         <input_file_ref idref="fl-d7"/>
      </object_component>
      <object_component id="oc-21c">
         <name>.text</name>
         <load_address>0x2000a7a0</load_address>
         <run_address>0x2000a7a0</run_address>
         <size>0x14</size>
         <input_file_ref idref="fl-d4"/>
      </object_component>
      <object_component id="oc-18">
         <name>.text:decompress:none</name>
         <load_address>0x2000a7b4</load_address>
         <run_address>0x2000a7b4</run_address>
         <size>0xe</size>
         <input_file_ref idref="fl-c5"/>
      </object_component>
      <object_component id="oc-2d">
         <name>.text</name>
         <load_address>0x2000a7c2</load_address>
         <run_address>0x2000a7c2</run_address>
         <size>0xe</size>
         <input_file_ref idref="fl-6"/>
      </object_component>
      <object_component id="oc-1e">
         <name>.text:decompress:ZI</name>
         <load_address>0x2000a7d0</load_address>
         <run_address>0x2000a7d0</run_address>
         <size>0xc</size>
         <input_file_ref idref="fl-c6"/>
      </object_component>
      <object_component id="oc-143">
         <name>.text:IntMasterEnable</name>
         <load_address>0x2000a7dc</load_address>
         <run_address>0x2000a7dc</run_address>
         <size>0xa</size>
         <input_file_ref idref="fl-f3"/>
      </object_component>
      <object_component id="oc-3c4">
         <name>.text</name>
         <load_address>0x2000a7e6</load_address>
         <run_address>0x2000a7e6</run_address>
         <size>0x8</size>
         <input_file_ref idref="fl-ea"/>
      </object_component>
      <object_component id="oc-13c">
         <name>.text:UtilsDelay</name>
         <load_address>0x2000a7ee</load_address>
         <run_address>0x2000a7ee</run_address>
         <size>0x6</size>
         <input_file_ref idref="fl-f7"/>
      </object_component>
      <object_component id="oc-6a">
         <name>.text</name>
         <load_address>0x2000a7f4</load_address>
         <run_address>0x2000a7f4</run_address>
         <size>0x4</size>
         <input_file_ref idref="fl-d2"/>
      </object_component>
      <object_component id="oc-3d1">
         <name>.const:.string:_ctypes_</name>
         <load_address>0x2000a7f8</load_address>
         <run_address>0x2000a7f8</run_address>
         <size>0x101</size>
         <input_file_ref idref="fl-dd"/>
      </object_component>
      <object_component id="oc-2b2">
         <name>.const:g_ulPinToPadMap</name>
         <load_address>0x2000a8fc</load_address>
         <run_address>0x2000a8fc</run_address>
         <size>0x100</size>
         <input_file_ref idref="fl-f4"/>
      </object_component>
      <object_component id="oc-323">
         <name>.const:g_pulRegs</name>
         <load_address>0x2000a9fc</load_address>
         <run_address>0x2000a9fc</run_address>
         <size>0xd4</size>
         <input_file_ref idref="fl-f3"/>
      </object_component>
      <object_component id="oc-31a">
         <name>.const:PRCM_PeriphRegsList</name>
         <load_address>0x2000aad0</load_address>
         <run_address>0x2000aad0</run_address>
         <size>0xa8</size>
         <input_file_ref idref="fl-f5"/>
      </object_component>
      <object_component id="oc-245">
         <name>.const</name>
         <load_address>0x2000ab78</load_address>
         <run_address>0x2000ab78</run_address>
         <size>0x80</size>
         <input_file_ref idref="fl-f3"/>
      </object_component>
      <object_component id="oc-414">
         <name>.cinit..data.load</name>
         <load_address>0x2000abf8</load_address>
         <run_address>0x2000abf8</run_address>
         <size>0x39</size>
      </object_component>
      <object_component id="oc-412">
         <name>__TI_handler_table</name>
         <load_address>0x2000ac34</load_address>
         <run_address>0x2000ac34</run_address>
         <size>0xc</size>
      </object_component>
      <object_component id="oc-415">
         <name>.cinit..bss.load</name>
         <load_address>0x2000ac40</load_address>
         <run_address>0x2000ac40</run_address>
         <size>0x8</size>
      </object_component>
      <object_component id="oc-413">
         <name>__TI_cinit_table</name>
         <load_address>0x2000ac48</load_address>
         <run_address>0x2000ac48</run_address>
         <size>0x10</size>
      </object_component>
      <object_component id="oc-2da">
         <name>.data:ulReg</name>
         <load_address>0x2001b1d4</load_address>
         <run_address>0x2001b1d4</run_address>
         <size>0x14</size>
         <input_file_ref idref="fl-3"/>
      </object_component>
      <object_component id="oc-2d4">
         <name>.data</name>
         <load_address>0x2001b20c</load_address>
         <run_address>0x2001b20c</run_address>
         <size>0xc</size>
         <input_file_ref idref="fl-3"/>
      </object_component>
      <object_component id="oc-d4">
         <name>.data:$O1$$</name>
         <load_address>0x2001b1e8</load_address>
         <run_address>0x2001b1e8</run_address>
         <size>0xc</size>
         <input_file_ref idref="fl-c7"/>
      </object_component>
      <object_component id="oc-2a3">
         <name>.data:$O1$$</name>
         <load_address>0x2001b1f4</load_address>
         <run_address>0x2001b1f4</run_address>
         <size>0xc</size>
         <input_file_ref idref="fl-cf"/>
      </object_component>
      <object_component id="oc-82">
         <name>.data</name>
         <load_address>0x2001b228</load_address>
         <run_address>0x2001b228</run_address>
         <size>0x4</size>
         <input_file_ref idref="fl-d3"/>
      </object_component>
      <object_component id="oc-d7">
         <name>.data:$O1$$</name>
         <load_address>0x2001b218</load_address>
         <run_address>0x2001b218</run_address>
         <size>0x8</size>
         <input_file_ref idref="fl-d7"/>
      </object_component>
      <object_component id="oc-3ca">
         <name>.data</name>
         <load_address>0x2001b224</load_address>
         <run_address>0x2001b224</run_address>
         <size>0x4</size>
         <input_file_ref idref="fl-e9"/>
      </object_component>
      <object_component id="oc-293">
         <name>.data</name>
         <load_address>0x2001b200</load_address>
         <run_address>0x2001b200</run_address>
         <size>0xc</size>
         <input_file_ref idref="fl-eb"/>
      </object_component>
      <object_component id="oc-95">
         <name>.data</name>
         <load_address>0x2001b220</load_address>
         <run_address>0x2001b220</run_address>
         <size>0x4</size>
         <input_file_ref idref="fl-ec"/>
      </object_component>
      <object_component id="oc-91">
         <name>.data</name>
         <load_address>0x2001b1a0</load_address>
         <run_address>0x2001b1a0</run_address>
         <size>0x34</size>
         <input_file_ref idref="fl-ef"/>
      </object_component>
      <object_component id="oc-1d5">
         <name>.bss</name>
         <uninitialized>true</uninitialized>
         <run_address>0x2001b17c</run_address>
         <size>0x8</size>
         <input_file_ref idref="fl-2"/>
      </object_component>
      <object_component id="oc-161">
         <name>.bss:ds182b_sram_obj</name>
         <uninitialized>true</uninitialized>
         <run_address>0x2001b18c</run_address>
         <size>0x5</size>
         <input_file_ref idref="fl-4"/>
      </object_component>
      <object_component id="oc-164">
         <name>.bss:ds18b2b_temp_obj</name>
         <uninitialized>true</uninitialized>
         <run_address>0x2001b184</run_address>
         <size>0x8</size>
         <input_file_ref idref="fl-4"/>
      </object_component>
      <object_component id="oc-228">
         <name>.bss</name>
         <uninitialized>true</uninitialized>
         <run_address>0x2001b194</run_address>
         <size>0x4</size>
         <input_file_ref idref="fl-7"/>
      </object_component>
      <object_component id="oc-32f">
         <name>.bss:xQueueRegistry</name>
         <uninitialized>true</uninitialized>
         <run_address>0x2001b0c8</run_address>
         <size>0x50</size>
         <input_file_ref idref="fl-ee"/>
      </object_component>
      <object_component id="oc-f1">
         <name>.bss:pxReadyTasksLists</name>
         <uninitialized>true</uninitialized>
         <run_address>0x2001b000</run_address>
         <size>0xc8</size>
         <input_file_ref idref="fl-ef"/>
      </object_component>
      <object_component id="oc-2d7">
         <name>.common:g_ucLED1Pin</name>
         <uninitialized>true</uninitialized>
         <run_address>0x2001b191</run_address>
         <size>0x1</size>
      </object_component>
      <object_component id="oc-2d8">
         <name>.common:g_ucLED2Pin</name>
         <uninitialized>true</uninitialized>
         <run_address>0x2001b192</run_address>
         <size>0x1</size>
      </object_component>
      <object_component id="oc-2d9">
         <name>.common:g_ucLED3Pin</name>
         <uninitialized>true</uninitialized>
         <run_address>0x2001b193</run_address>
         <size>0x1</size>
      </object_component>
      <object_component id="oc-101">
         <name>.common:xDelayedTaskList1</name>
         <uninitialized>true</uninitialized>
         <run_address>0x2001b118</run_address>
         <size>0x14</size>
      </object_component>
      <object_component id="oc-102">
         <name>.common:xDelayedTaskList2</name>
         <uninitialized>true</uninitialized>
         <run_address>0x2001b12c</run_address>
         <size>0x14</size>
      </object_component>
      <object_component id="oc-f7">
         <name>.common:pxDelayedTaskList</name>
         <uninitialized>true</uninitialized>
         <run_address>0x2001b198</run_address>
         <size>0x4</size>
      </object_component>
      <object_component id="oc-f8">
         <name>.common:pxOverflowDelayedTaskList</name>
         <uninitialized>true</uninitialized>
         <run_address>0x2001b19c</run_address>
         <size>0x4</size>
      </object_component>
      <object_component id="oc-fa">
         <name>.common:xPendingReadyList</name>
         <uninitialized>true</uninitialized>
         <run_address>0x2001b140</run_address>
         <size>0x14</size>
      </object_component>
      <object_component id="oc-f4">
         <name>.common:xTasksWaitingTermination</name>
         <uninitialized>true</uninitialized>
         <run_address>0x2001b168</run_address>
         <size>0x14</size>
      </object_component>
      <object_component id="oc-f9">
         <name>.common:xSuspendedTaskList</name>
         <uninitialized>true</uninitialized>
         <run_address>0x2001b154</run_address>
         <size>0x14</size>
      </object_component>
      <object_component id="oc-2a">
         <name>.sysmem</name>
         <uninitialized>true</uninitialized>
         <run_address>0x20017000</run_address>
         <size>0x8</size>
         <input_file_ref idref="fl-cf"/>
      </object_component>
      <object_component id="oc-417">
         <name>.sysmem</name>
         <uninitialized>true</uninitialized>
         <run_address>0x20017000</run_address>
         <size>0x0</size>
      </object_component>
      <object_component id="oc-29">
         <name>.stack</name>
         <uninitialized>true</uninitialized>
         <run_address>0x2002ff00</run_address>
         <size>0x0</size>
         <input_file_ref idref="fl-c3"/>
      </object_component>
      <object_component id="oc-416">
         <name>.stack</name>
         <uninitialized>true</uninitialized>
         <run_address>0x2002ff00</run_address>
         <size>0x0</size>
      </object_component>
      <object_component id="oc-1f7">
         <name>.debug_info</name>
         <load_address>0x0</load_address>
         <run_address>0x0</run_address>
         <size>0x339</size>
         <input_file_ref idref="fl-2"/>
      </object_component>
      <object_component id="oc-1d6">
         <name>.debug_info</name>
         <load_address>0x339</load_address>
         <run_address>0x339</run_address>
         <size>0xff</size>
         <input_file_ref idref="fl-2"/>
      </object_component>
      <object_component id="oc-12c">
         <name>.debug_info</name>
         <load_address>0x438</load_address>
         <run_address>0x438</run_address>
         <size>0x1883</size>
         <input_file_ref idref="fl-2"/>
      </object_component>
      <object_component id="oc-1f2">
         <name>.debug_info</name>
         <load_address>0x1cbb</load_address>
         <run_address>0x1cbb</run_address>
         <size>0x157</size>
         <input_file_ref idref="fl-2"/>
      </object_component>
      <object_component id="oc-19d">
         <name>.debug_info</name>
         <load_address>0x1e12</load_address>
         <run_address>0x1e12</run_address>
         <size>0xc8</size>
         <input_file_ref idref="fl-2"/>
      </object_component>
      <object_component id="oc-3a9">
         <name>.debug_info</name>
         <load_address>0x1eda</load_address>
         <run_address>0x1eda</run_address>
         <size>0x62</size>
         <input_file_ref idref="fl-2"/>
      </object_component>
      <object_component id="oc-47">
         <name>.debug_info</name>
         <load_address>0x1f3c</load_address>
         <run_address>0x1f3c</run_address>
         <size>0x84</size>
         <input_file_ref idref="fl-2"/>
      </object_component>
      <object_component id="oc-240">
         <name>.debug_info</name>
         <load_address>0x1fc0</load_address>
         <run_address>0x1fc0</run_address>
         <size>0x2c</size>
         <input_file_ref idref="fl-2"/>
      </object_component>
      <object_component id="oc-22d">
         <name>.debug_info</name>
         <load_address>0x1fec</load_address>
         <run_address>0x1fec</run_address>
         <size>0x4e</size>
         <input_file_ref idref="fl-2"/>
      </object_component>
      <object_component id="oc-2a9">
         <name>.debug_info</name>
         <load_address>0x203a</load_address>
         <run_address>0x203a</run_address>
         <size>0x37d</size>
         <input_file_ref idref="fl-3"/>
      </object_component>
      <object_component id="oc-2db">
         <name>.debug_info</name>
         <load_address>0x23b7</load_address>
         <run_address>0x23b7</run_address>
         <size>0xf9</size>
         <input_file_ref idref="fl-3"/>
      </object_component>
      <object_component id="oc-2d5">
         <name>.debug_info</name>
         <load_address>0x24b0</load_address>
         <run_address>0x24b0</run_address>
         <size>0x15a</size>
         <input_file_ref idref="fl-3"/>
      </object_component>
      <object_component id="oc-1ca">
         <name>.debug_info</name>
         <load_address>0x260a</load_address>
         <run_address>0x260a</run_address>
         <size>0xeef</size>
         <input_file_ref idref="fl-3"/>
      </object_component>
      <object_component id="oc-1a2">
         <name>.debug_info</name>
         <load_address>0x34f9</load_address>
         <run_address>0x34f9</run_address>
         <size>0x13f</size>
         <input_file_ref idref="fl-3"/>
      </object_component>
      <object_component id="oc-168">
         <name>.debug_info</name>
         <load_address>0x3638</load_address>
         <run_address>0x3638</run_address>
         <size>0x53b</size>
         <input_file_ref idref="fl-4"/>
      </object_component>
      <object_component id="oc-162">
         <name>.debug_info</name>
         <load_address>0x3b73</load_address>
         <run_address>0x3b73</run_address>
         <size>0xdd</size>
         <input_file_ref idref="fl-4"/>
      </object_component>
      <object_component id="oc-165">
         <name>.debug_info</name>
         <load_address>0x3c50</load_address>
         <run_address>0x3c50</run_address>
         <size>0xdf</size>
         <input_file_ref idref="fl-4"/>
      </object_component>
      <object_component id="oc-cd">
         <name>.debug_info</name>
         <load_address>0x3d2f</load_address>
         <run_address>0x3d2f</run_address>
         <size>0x61c</size>
         <input_file_ref idref="fl-4"/>
      </object_component>
      <object_component id="oc-156">
         <name>.debug_info</name>
         <load_address>0x434b</load_address>
         <run_address>0x434b</run_address>
         <size>0x168</size>
         <input_file_ref idref="fl-5"/>
      </object_component>
      <object_component id="oc-40">
         <name>.debug_info</name>
         <load_address>0x44b3</load_address>
         <run_address>0x44b3</run_address>
         <size>0x20d</size>
         <input_file_ref idref="fl-6"/>
      </object_component>
      <object_component id="oc-10">
         <name>.debug_info</name>
         <load_address>0x46c0</load_address>
         <run_address>0x46c0</run_address>
         <size>0x10c</size>
         <input_file_ref idref="fl-6"/>
      </object_component>
      <object_component id="oc-2e">
         <name>.debug_info</name>
         <load_address>0x47cc</load_address>
         <run_address>0x47cc</run_address>
         <size>0x42d</size>
         <input_file_ref idref="fl-6"/>
      </object_component>
      <object_component id="oc-22c">
         <name>.debug_info</name>
         <load_address>0x4bf9</load_address>
         <run_address>0x4bf9</run_address>
         <size>0x43c</size>
         <input_file_ref idref="fl-7"/>
      </object_component>
      <object_component id="oc-229">
         <name>.debug_info</name>
         <load_address>0x5035</load_address>
         <run_address>0x5035</run_address>
         <size>0x103</size>
         <input_file_ref idref="fl-7"/>
      </object_component>
      <object_component id="oc-132">
         <name>.debug_info</name>
         <load_address>0x5138</load_address>
         <run_address>0x5138</run_address>
         <size>0x8ff</size>
         <input_file_ref idref="fl-7"/>
      </object_component>
      <object_component id="oc-232">
         <name>.debug_info</name>
         <load_address>0x5a37</load_address>
         <run_address>0x5a37</run_address>
         <size>0x110</size>
         <input_file_ref idref="fl-7"/>
      </object_component>
      <object_component id="oc-25">
         <name>.debug_info</name>
         <load_address>0x5b47</load_address>
         <run_address>0x5b47</run_address>
         <size>0x160</size>
         <input_file_ref idref="fl-c3"/>
      </object_component>
      <object_component id="oc-ab">
         <name>.debug_info</name>
         <load_address>0x5ca7</load_address>
         <run_address>0x5ca7</run_address>
         <size>0x165</size>
         <input_file_ref idref="fl-c4"/>
      </object_component>
      <object_component id="oc-15">
         <name>.debug_info</name>
         <load_address>0x5e0c</load_address>
         <run_address>0x5e0c</run_address>
         <size>0x245</size>
         <input_file_ref idref="fl-c4"/>
      </object_component>
      <object_component id="oc-42">
         <name>.debug_info</name>
         <load_address>0x6051</load_address>
         <run_address>0x6051</run_address>
         <size>0x60</size>
         <input_file_ref idref="fl-c4"/>
      </object_component>
      <object_component id="oc-a6">
         <name>.debug_info</name>
         <load_address>0x60b1</load_address>
         <run_address>0x60b1</run_address>
         <size>0x46</size>
         <input_file_ref idref="fl-c4"/>
      </object_component>
      <object_component id="oc-57">
         <name>.debug_info</name>
         <load_address>0x60f7</load_address>
         <run_address>0x60f7</run_address>
         <size>0x1ac</size>
         <input_file_ref idref="fl-c5"/>
      </object_component>
      <object_component id="oc-19">
         <name>.debug_info</name>
         <load_address>0x62a3</load_address>
         <run_address>0x62a3</run_address>
         <size>0x1df</size>
         <input_file_ref idref="fl-c5"/>
      </object_component>
      <object_component id="oc-52">
         <name>.debug_info</name>
         <load_address>0x6482</load_address>
         <run_address>0x6482</run_address>
         <size>0x46</size>
         <input_file_ref idref="fl-c5"/>
      </object_component>
      <object_component id="oc-ad">
         <name>.debug_info</name>
         <load_address>0x64c8</load_address>
         <run_address>0x64c8</run_address>
         <size>0x2c</size>
         <input_file_ref idref="fl-c5"/>
      </object_component>
      <object_component id="oc-63">
         <name>.debug_info</name>
         <load_address>0x64f4</load_address>
         <run_address>0x64f4</run_address>
         <size>0x19b</size>
         <input_file_ref idref="fl-c6"/>
      </object_component>
      <object_component id="oc-1f">
         <name>.debug_info</name>
         <load_address>0x668f</load_address>
         <run_address>0x668f</run_address>
         <size>0x1aa</size>
         <input_file_ref idref="fl-c6"/>
      </object_component>
      <object_component id="oc-5e">
         <name>.debug_info</name>
         <load_address>0x6839</load_address>
         <run_address>0x6839</run_address>
         <size>0x46</size>
         <input_file_ref idref="fl-c6"/>
      </object_component>
      <object_component id="oc-b5">
         <name>.debug_info</name>
         <load_address>0x687f</load_address>
         <run_address>0x687f</run_address>
         <size>0x2c</size>
         <input_file_ref idref="fl-c6"/>
      </object_component>
      <object_component id="oc-db">
         <name>.debug_info</name>
         <load_address>0x68ab</load_address>
         <run_address>0x68ab</run_address>
         <size>0x2a0</size>
         <input_file_ref idref="fl-c7"/>
      </object_component>
      <object_component id="oc-d5">
         <name>.debug_info</name>
         <load_address>0x6b4b</load_address>
         <run_address>0x6b4b</run_address>
         <size>0x185</size>
         <input_file_ref idref="fl-c7"/>
      </object_component>
      <object_component id="oc-7d">
         <name>.debug_info</name>
         <load_address>0x6cd0</load_address>
         <run_address>0x6cd0</run_address>
         <size>0x214</size>
         <input_file_ref idref="fl-c7"/>
      </object_component>
      <object_component id="oc-1e8">
         <name>.debug_info</name>
         <load_address>0x6ee4</load_address>
         <run_address>0x6ee4</run_address>
         <size>0x144</size>
         <input_file_ref idref="fl-c8"/>
      </object_component>
      <object_component id="oc-1e3">
         <name>.debug_info</name>
         <load_address>0x7028</load_address>
         <run_address>0x7028</run_address>
         <size>0x132</size>
         <input_file_ref idref="fl-c9"/>
      </object_component>
      <object_component id="oc-1ed">
         <name>.debug_info</name>
         <load_address>0x715a</load_address>
         <run_address>0x715a</run_address>
         <size>0x136</size>
         <input_file_ref idref="fl-ca"/>
      </object_component>
      <object_component id="oc-1de">
         <name>.debug_info</name>
         <load_address>0x7290</load_address>
         <run_address>0x7290</run_address>
         <size>0x132</size>
         <input_file_ref idref="fl-cb"/>
      </object_component>
      <object_component id="oc-138">
         <name>.debug_info</name>
         <load_address>0x73c2</load_address>
         <run_address>0x73c2</run_address>
         <size>0x124</size>
         <input_file_ref idref="fl-cc"/>
      </object_component>
      <object_component id="oc-4d">
         <name>.debug_info</name>
         <load_address>0x74e6</load_address>
         <run_address>0x74e6</run_address>
         <size>0x111</size>
         <input_file_ref idref="fl-cd"/>
      </object_component>
      <object_component id="oc-30e">
         <name>.debug_info</name>
         <load_address>0x75f7</load_address>
         <run_address>0x75f7</run_address>
         <size>0x198</size>
         <input_file_ref idref="fl-ce"/>
      </object_component>
      <object_component id="oc-223">
         <name>.debug_info</name>
         <load_address>0x778f</load_address>
         <run_address>0x778f</run_address>
         <size>0x1ab</size>
         <input_file_ref idref="fl-ce"/>
      </object_component>
      <object_component id="oc-88">
         <name>.debug_info</name>
         <load_address>0x793a</load_address>
         <run_address>0x793a</run_address>
         <size>0x28e</size>
         <input_file_ref idref="fl-cf"/>
      </object_component>
      <object_component id="oc-2b">
         <name>.debug_info</name>
         <load_address>0x7bc8</load_address>
         <run_address>0x7bc8</run_address>
         <size>0x101</size>
         <input_file_ref idref="fl-cf"/>
      </object_component>
      <object_component id="oc-2a4">
         <name>.debug_info</name>
         <load_address>0x7cc9</load_address>
         <run_address>0x7cc9</run_address>
         <size>0x14c</size>
         <input_file_ref idref="fl-cf"/>
      </object_component>
      <object_component id="oc-194">
         <name>.debug_info</name>
         <load_address>0x7e15</load_address>
         <run_address>0x7e15</run_address>
         <size>0x885</size>
         <input_file_ref idref="fl-cf"/>
      </object_component>
      <object_component id="oc-e1">
         <name>.debug_info</name>
         <load_address>0x869a</load_address>
         <run_address>0x869a</run_address>
         <size>0x2c</size>
         <input_file_ref idref="fl-cf"/>
      </object_component>
      <object_component id="oc-e6">
         <name>.debug_info</name>
         <load_address>0x86c6</load_address>
         <run_address>0x86c6</run_address>
         <size>0x62</size>
         <input_file_ref idref="fl-cf"/>
      </object_component>
      <object_component id="oc-5a">
         <name>.debug_info</name>
         <load_address>0x8728</load_address>
         <run_address>0x8728</run_address>
         <size>0x13f</size>
         <input_file_ref idref="fl-d0"/>
      </object_component>
      <object_component id="oc-65">
         <name>.debug_info</name>
         <load_address>0x8867</load_address>
         <run_address>0x8867</run_address>
         <size>0x138</size>
         <input_file_ref idref="fl-d1"/>
      </object_component>
      <object_component id="oc-6b">
         <name>.debug_info</name>
         <load_address>0x899f</load_address>
         <run_address>0x899f</run_address>
         <size>0x148</size>
         <input_file_ref idref="fl-d2"/>
      </object_component>
      <object_component id="oc-83">
         <name>.debug_info</name>
         <load_address>0x8ae7</load_address>
         <run_address>0x8ae7</run_address>
         <size>0x109</size>
         <input_file_ref idref="fl-d3"/>
      </object_component>
      <object_component id="oc-30c">
         <name>.debug_info</name>
         <load_address>0x8bf0</load_address>
         <run_address>0x8bf0</run_address>
         <size>0x156</size>
         <input_file_ref idref="fl-d4"/>
      </object_component>
      <object_component id="oc-21d">
         <name>.debug_info</name>
         <load_address>0x8d46</load_address>
         <run_address>0x8d46</run_address>
         <size>0x22a</size>
         <input_file_ref idref="fl-d4"/>
      </object_component>
      <object_component id="oc-1da">
         <name>.debug_info</name>
         <load_address>0x8f70</load_address>
         <run_address>0x8f70</run_address>
         <size>0x123</size>
         <input_file_ref idref="fl-d5"/>
      </object_component>
      <object_component id="oc-2fe">
         <name>.debug_info</name>
         <load_address>0x9093</load_address>
         <run_address>0x9093</run_address>
         <size>0x234</size>
         <input_file_ref idref="fl-d6"/>
      </object_component>
      <object_component id="oc-20b">
         <name>.debug_info</name>
         <load_address>0x92c7</load_address>
         <run_address>0x92c7</run_address>
         <size>0x35c</size>
         <input_file_ref idref="fl-d6"/>
      </object_component>
      <object_component id="oc-2ff">
         <name>.debug_info</name>
         <load_address>0x9623</load_address>
         <run_address>0x9623</run_address>
         <size>0x2c</size>
         <input_file_ref idref="fl-d6"/>
      </object_component>
      <object_component id="oc-304">
         <name>.debug_info</name>
         <load_address>0x964f</load_address>
         <run_address>0x964f</run_address>
         <size>0x69</size>
         <input_file_ref idref="fl-d6"/>
      </object_component>
      <object_component id="oc-17a">
         <name>.debug_info</name>
         <load_address>0x96b8</load_address>
         <run_address>0x96b8</run_address>
         <size>0x190</size>
         <input_file_ref idref="fl-d7"/>
      </object_component>
      <object_component id="oc-d8">
         <name>.debug_info</name>
         <load_address>0x9848</load_address>
         <run_address>0x9848</run_address>
         <size>0x113</size>
         <input_file_ref idref="fl-d7"/>
      </object_component>
      <object_component id="oc-175">
         <name>.debug_info</name>
         <load_address>0x995b</load_address>
         <run_address>0x995b</run_address>
         <size>0x21f</size>
         <input_file_ref idref="fl-d7"/>
      </object_component>
      <object_component id="oc-392">
         <name>.debug_info</name>
         <load_address>0x9b7a</load_address>
         <run_address>0x9b7a</run_address>
         <size>0x3f1</size>
         <input_file_ref idref="fl-d8"/>
      </object_component>
      <object_component id="oc-2f8">
         <name>.debug_info</name>
         <load_address>0x9f6b</load_address>
         <run_address>0x9f6b</run_address>
         <size>0x1554</size>
         <input_file_ref idref="fl-d8"/>
      </object_component>
      <object_component id="oc-393">
         <name>.debug_info</name>
         <load_address>0xb4bf</load_address>
         <run_address>0xb4bf</run_address>
         <size>0x86</size>
         <input_file_ref idref="fl-d8"/>
      </object_component>
      <object_component id="oc-3da">
         <name>.debug_info</name>
         <load_address>0xb545</load_address>
         <run_address>0xb545</run_address>
         <size>0x46</size>
         <input_file_ref idref="fl-d8"/>
      </object_component>
      <object_component id="oc-398">
         <name>.debug_info</name>
         <load_address>0xb58b</load_address>
         <run_address>0xb58b</run_address>
         <size>0x39</size>
         <input_file_ref idref="fl-d8"/>
      </object_component>
      <object_component id="oc-d3">
         <name>.debug_info</name>
         <load_address>0xb5c4</load_address>
         <run_address>0xb5c4</run_address>
         <size>0x1d2</size>
         <input_file_ref idref="fl-d9"/>
      </object_component>
      <object_component id="oc-77">
         <name>.debug_info</name>
         <load_address>0xb796</load_address>
         <run_address>0xb796</run_address>
         <size>0x167</size>
         <input_file_ref idref="fl-d9"/>
      </object_component>
      <object_component id="oc-16b">
         <name>.debug_info</name>
         <load_address>0xb8fd</load_address>
         <run_address>0xb8fd</run_address>
         <size>0x5e</size>
         <input_file_ref idref="fl-d9"/>
      </object_component>
      <object_component id="oc-3d5">
         <name>.debug_info</name>
         <load_address>0xb95b</load_address>
         <run_address>0xb95b</run_address>
         <size>0x180</size>
         <input_file_ref idref="fl-da"/>
      </object_component>
      <object_component id="oc-386">
         <name>.debug_info</name>
         <load_address>0xbadb</load_address>
         <run_address>0xbadb</run_address>
         <size>0x171</size>
         <input_file_ref idref="fl-da"/>
      </object_component>
      <object_component id="oc-cb">
         <name>.debug_info</name>
         <load_address>0xbc4c</load_address>
         <run_address>0xbc4c</run_address>
         <size>0x355</size>
         <input_file_ref idref="fl-db"/>
      </object_component>
      <object_component id="oc-73">
         <name>.debug_info</name>
         <load_address>0xbfa1</load_address>
         <run_address>0xbfa1</run_address>
         <size>0x190</size>
         <input_file_ref idref="fl-db"/>
      </object_component>
      <object_component id="oc-121">
         <name>.debug_info</name>
         <load_address>0xc131</load_address>
         <run_address>0xc131</run_address>
         <size>0x39</size>
         <input_file_ref idref="fl-db"/>
      </object_component>
      <object_component id="oc-1b8">
         <name>.debug_info</name>
         <load_address>0xc16a</load_address>
         <run_address>0xc16a</run_address>
         <size>0x39</size>
         <input_file_ref idref="fl-db"/>
      </object_component>
      <object_component id="oc-126">
         <name>.debug_info</name>
         <load_address>0xc1a3</load_address>
         <run_address>0xc1a3</run_address>
         <size>0xcd</size>
         <input_file_ref idref="fl-db"/>
      </object_component>
      <object_component id="oc-11d">
         <name>.debug_info</name>
         <load_address>0xc270</load_address>
         <run_address>0xc270</run_address>
         <size>0x24c</size>
         <input_file_ref idref="fl-dc"/>
      </object_component>
      <object_component id="oc-bf">
         <name>.debug_info</name>
         <load_address>0xc4bc</load_address>
         <run_address>0xc4bc</run_address>
         <size>0x183</size>
         <input_file_ref idref="fl-dc"/>
      </object_component>
      <object_component id="oc-1b3">
         <name>.debug_info</name>
         <load_address>0xc63f</load_address>
         <run_address>0xc63f</run_address>
         <size>0x2c</size>
         <input_file_ref idref="fl-dc"/>
      </object_component>
      <object_component id="oc-3ec">
         <name>.debug_info</name>
         <load_address>0xc66b</load_address>
         <run_address>0xc66b</run_address>
         <size>0xee</size>
         <input_file_ref idref="fl-dd"/>
      </object_component>
      <object_component id="oc-3d2">
         <name>.debug_info</name>
         <load_address>0xc759</load_address>
         <run_address>0xc759</run_address>
         <size>0xfa</size>
         <input_file_ref idref="fl-dd"/>
      </object_component>
      <object_component id="oc-356">
         <name>.debug_info</name>
         <load_address>0xc853</load_address>
         <run_address>0xc853</run_address>
         <size>0x120</size>
         <input_file_ref idref="fl-de"/>
      </object_component>
      <object_component id="oc-35f">
         <name>.debug_info</name>
         <load_address>0xc973</load_address>
         <run_address>0xc973</run_address>
         <size>0x122</size>
         <input_file_ref idref="fl-de"/>
      </object_component>
      <object_component id="oc-35a">
         <name>.debug_info</name>
         <load_address>0xca95</load_address>
         <run_address>0xca95</run_address>
         <size>0x132</size>
         <input_file_ref idref="fl-df"/>
      </object_component>
      <object_component id="oc-364">
         <name>.debug_info</name>
         <load_address>0xcbc7</load_address>
         <run_address>0xcbc7</run_address>
         <size>0x126</size>
         <input_file_ref idref="fl-e0"/>
      </object_component>
      <object_component id="oc-36f">
         <name>.debug_info</name>
         <load_address>0xcced</load_address>
         <run_address>0xcced</run_address>
         <size>0x124</size>
         <input_file_ref idref="fl-e1"/>
      </object_component>
      <object_component id="oc-3bb">
         <name>.debug_info</name>
         <load_address>0xce11</load_address>
         <run_address>0xce11</run_address>
         <size>0x1b8</size>
         <input_file_ref idref="fl-e2"/>
      </object_component>
      <object_component id="oc-369">
         <name>.debug_info</name>
         <load_address>0xcfc9</load_address>
         <run_address>0xcfc9</run_address>
         <size>0x1c2</size>
         <input_file_ref idref="fl-e2"/>
      </object_component>
      <object_component id="oc-3d7">
         <name>.debug_info</name>
         <load_address>0xd18b</load_address>
         <run_address>0xd18b</run_address>
         <size>0x15d</size>
         <input_file_ref idref="fl-e3"/>
      </object_component>
      <object_component id="oc-38c">
         <name>.debug_info</name>
         <load_address>0xd2e8</load_address>
         <run_address>0xd2e8</run_address>
         <size>0x1ab</size>
         <input_file_ref idref="fl-e3"/>
      </object_component>
      <object_component id="oc-3be">
         <name>.debug_info</name>
         <load_address>0xd493</load_address>
         <run_address>0xd493</run_address>
         <size>0x1ab</size>
         <input_file_ref idref="fl-e4"/>
      </object_component>
      <object_component id="oc-374">
         <name>.debug_info</name>
         <load_address>0xd63e</load_address>
         <run_address>0xd63e</run_address>
         <size>0x189</size>
         <input_file_ref idref="fl-e4"/>
      </object_component>
      <object_component id="oc-3bf">
         <name>.debug_info</name>
         <load_address>0xd7c7</load_address>
         <run_address>0xd7c7</run_address>
         <size>0x2c</size>
         <input_file_ref idref="fl-e4"/>
      </object_component>
      <object_component id="oc-3ce">
         <name>.debug_info</name>
         <load_address>0xd7f3</load_address>
         <run_address>0xd7f3</run_address>
         <size>0x1e8</size>
         <input_file_ref idref="fl-e5"/>
      </object_component>
      <object_component id="oc-37a">
         <name>.debug_info</name>
         <load_address>0xd9db</load_address>
         <run_address>0xd9db</run_address>
         <size>0x1e6</size>
         <input_file_ref idref="fl-e5"/>
      </object_component>
      <object_component id="oc-c5">
         <name>.debug_info</name>
         <load_address>0xdbc1</load_address>
         <run_address>0xdbc1</run_address>
         <size>0x145</size>
         <input_file_ref idref="fl-e6"/>
      </object_component>
      <object_component id="oc-3d0">
         <name>.debug_info</name>
         <load_address>0xdd06</load_address>
         <run_address>0xdd06</run_address>
         <size>0x161</size>
         <input_file_ref idref="fl-e7"/>
      </object_component>
      <object_component id="oc-380">
         <name>.debug_info</name>
         <load_address>0xde67</load_address>
         <run_address>0xde67</run_address>
         <size>0x244</size>
         <input_file_ref idref="fl-e7"/>
      </object_component>
      <object_component id="oc-351">
         <name>.debug_info</name>
         <load_address>0xe0ab</load_address>
         <run_address>0xe0ab</run_address>
         <size>0x17d</size>
         <input_file_ref idref="fl-e8"/>
      </object_component>
      <object_component id="oc-3cb">
         <name>.debug_info</name>
         <load_address>0xe228</load_address>
         <run_address>0xe228</run_address>
         <size>0xf3</size>
         <input_file_ref idref="fl-e9"/>
      </object_component>
      <object_component id="oc-3c5">
         <name>.debug_info</name>
         <load_address>0xe31b</load_address>
         <run_address>0xe31b</run_address>
         <size>0x154</size>
         <input_file_ref idref="fl-ea"/>
      </object_component>
      <object_component id="oc-119">
         <name>.debug_info</name>
         <load_address>0xe46f</load_address>
         <run_address>0xe46f</run_address>
         <size>0x6fd</size>
         <input_file_ref idref="fl-eb"/>
      </object_component>
      <object_component id="oc-294">
         <name>.debug_info</name>
         <load_address>0xeb6c</load_address>
         <run_address>0xeb6c</run_address>
         <size>0x1d8</size>
         <input_file_ref idref="fl-eb"/>
      </object_component>
      <object_component id="oc-15c">
         <name>.debug_info</name>
         <load_address>0xed44</load_address>
         <run_address>0xed44</run_address>
         <size>0x2e22</size>
         <input_file_ref idref="fl-eb"/>
      </object_component>
      <object_component id="oc-104">
         <name>.debug_info</name>
         <load_address>0x11b66</load_address>
         <run_address>0x11b66</run_address>
         <size>0x2ab</size>
         <input_file_ref idref="fl-eb"/>
      </object_component>
      <object_component id="oc-1ac">
         <name>.debug_info</name>
         <load_address>0x11e11</load_address>
         <run_address>0x11e11</run_address>
         <size>0x46</size>
         <input_file_ref idref="fl-eb"/>
      </object_component>
      <object_component id="oc-1a7">
         <name>.debug_info</name>
         <load_address>0x11e57</load_address>
         <run_address>0x11e57</run_address>
         <size>0x2c</size>
         <input_file_ref idref="fl-eb"/>
      </object_component>
      <object_component id="oc-9a">
         <name>.debug_info</name>
         <load_address>0x11e83</load_address>
         <run_address>0x11e83</run_address>
         <size>0x2c</size>
         <input_file_ref idref="fl-eb"/>
      </object_component>
      <object_component id="oc-109">
         <name>.debug_info</name>
         <load_address>0x11eaf</load_address>
         <run_address>0x11eaf</run_address>
         <size>0x18b</size>
         <input_file_ref idref="fl-eb"/>
      </object_component>
      <object_component id="oc-9f">
         <name>.debug_info</name>
         <load_address>0x1203a</load_address>
         <run_address>0x1203a</run_address>
         <size>0x53</size>
         <input_file_ref idref="fl-eb"/>
      </object_component>
      <object_component id="oc-114">
         <name>.debug_info</name>
         <load_address>0x1208d</load_address>
         <run_address>0x1208d</run_address>
         <size>0x14c</size>
         <input_file_ref idref="fl-eb"/>
      </object_component>
      <object_component id="oc-99">
         <name>.debug_info</name>
         <load_address>0x121d9</load_address>
         <run_address>0x121d9</run_address>
         <size>0x282</size>
         <input_file_ref idref="fl-ec"/>
      </object_component>
      <object_component id="oc-96">
         <name>.debug_info</name>
         <load_address>0x1245b</load_address>
         <run_address>0x1245b</run_address>
         <size>0x170</size>
         <input_file_ref idref="fl-ec"/>
      </object_component>
      <object_component id="oc-39">
         <name>.debug_info</name>
         <load_address>0x125cb</load_address>
         <run_address>0x125cb</run_address>
         <size>0xe0a</size>
         <input_file_ref idref="fl-ec"/>
      </object_component>
      <object_component id="oc-34">
         <name>.debug_info</name>
         <load_address>0x133d5</load_address>
         <run_address>0x133d5</run_address>
         <size>0x229</size>
         <input_file_ref idref="fl-ed"/>
[...]
         <object_component_ref idref="oc-38"/>
      </symbol>
      <symbol id="sm-744">
         <name>vPortExitCritical</name>
         <value>0x20009591</value>
         <object_component_ref idref="oc-38"/>
      </symbol>
      <symbol id="sm-745">
         <name>xPortStartScheduler</name>
         <value>0x20009539</value>
         <object_component_ref idref="oc-38"/>
      </symbol>
      <symbol id="sm-746">
         <name>vPortEnterCritical</name>
         <value>0x20009579</value>
         <object_component_ref idref="oc-38"/>
      </symbol>
      <symbol id="sm-757">
         <name>portCLZ</name>
         <value>0x20009879</value>
         <object_component_ref idref="oc-33"/>
      </symbol>
      <symbol id="sm-758">
         <name>xPortPendSVHandler</name>
         <value>0x200097ed</value>
         <object_component_ref idref="oc-33"/>
      </symbol>
      <symbol id="sm-759">
         <name>vPortClearInterruptMask</name>
         <value>0x200097df</value>
         <object_component_ref idref="oc-33"/>
      </symbol>
      <symbol id="sm-75a">
         <name>ulPortSetInterruptMask</name>
         <value>0x200097c9</value>
         <object_component_ref idref="oc-33"/>
      </symbol>
      <symbol id="sm-75b">
         <name>prvPortStartFirstTask</name>
         <value>0x20009861</value>
         <object_component_ref idref="oc-33"/>
      </symbol>
      <symbol id="sm-75c">
         <name>vPortSVCHandler</name>
         <value>0x20009839</value>
         <object_component_ref idref="oc-33"/>
      </symbol>
      <symbol id="sm-810">
         <name>xQueuePeekFromISR</name>
         <value>0x20006e31</value>
         <object_component_ref idref="oc-28d"/>
      </symbol>
      <symbol id="sm-811">
         <name>xQueueIsQueueEmptyFromISR</name>
         <value>0x200070b7</value>
         <object_component_ref idref="oc-28d"/>
      </symbol>
      <symbol id="sm-812">
         <name>xQueueGenericSendFromISR</name>
         <value>0x20006bdb</value>
         <object_component_ref idref="oc-28d"/>
      </symbol>
      <symbol id="sm-813">
         <name>uxQueueMessagesWaiting</name>
         <value>0x20006e75</value>
         <object_component_ref idref="oc-28d"/>
      </symbol>
      <symbol id="sm-814">
         <name>vQueueAddToRegistry</name>
         <value>0x2000711b</value>
         <object_component_ref idref="oc-28d"/>
      </symbol>
      <symbol id="sm-815">
         <name>xQueueIsQueueFullFromISR</name>
         <value>0x200070f9</value>
         <object_component_ref idref="oc-28d"/>
      </symbol>
      <symbol id="sm-816">
         <name>xQueueSelectFromSet</name>
         <value>0x20007221</value>
         <object_component_ref idref="oc-28d"/>
      </symbol>
      <symbol id="sm-817">
         <name>xQueueGenericCreate</name>
         <value>0x20006811</value>
         <object_component_ref idref="oc-28d"/>
      </symbol>
      <symbol id="sm-818">
         <name>xQueueSelectFromSetFromISR</name>
         <value>0x2000723b</value>
         <object_component_ref idref="oc-28d"/>
      </symbol>
      <symbol id="sm-819">
         <name>xQueueCreateMutex</name>
         <value>0x20006887</value>
         <object_component_ref idref="oc-28d"/>
      </symbol>
      <symbol id="sm-81a">
         <name>vQueueSetQueueNumber</name>
         <value>0x20006eef</value>
         <object_component_ref idref="oc-28d"/>
      </symbol>
      <symbol id="sm-81b">
         <name>xQueueGenericSend</name>
         <value>0x20006925</value>
         <object_component_ref idref="oc-28d"/>
      </symbol>
      <symbol id="sm-81c">
         <name>xQueueGenericReset</name>
         <value>0x20006781</value>
         <object_component_ref idref="oc-28d"/>
      </symbol>
      <symbol id="sm-81d">
         <name>xQueueReceiveFromISR</name>
         <value>0x20006db9</value>
         <object_component_ref idref="oc-28d"/>
      </symbol>
      <symbol id="sm-81e">
         <name>uxQueueSpacesAvailable</name>
         <value>0x20006e8b</value>
         <object_component_ref idref="oc-28d"/>
      </symbol>
      <symbol id="sm-81f">
         <name>xQueueRegistry</name>
         <value>0x2001b0c8</value>
         <object_component_ref idref="oc-32f"/>
      </symbol>
      <symbol id="sm-820">
         <name>vQueueUnregisterQueue</name>
         <value>0x2000715d</value>
         <object_component_ref idref="oc-28d"/>
      </symbol>
      <symbol id="sm-821">
         <name>xQueueAltGenericReceive</name>
         <value>0x20006add</value>
         <object_component_ref idref="oc-28d"/>
      </symbol>
      <symbol id="sm-822">
         <name>uxQueueMessagesWaitingFromISR</name>
         <value>0x20006eab</value>
         <object_component_ref idref="oc-28d"/>
      </symbol>
      <symbol id="sm-823">
         <name>uxQueueGetQueueNumber</name>
         <value>0x20006ee1</value>
         <object_component_ref idref="oc-28d"/>
      </symbol>
      <symbol id="sm-824">
         <name>xQueueGenericReceive</name>
         <value>0x20006c77</value>
         <object_component_ref idref="oc-28d"/>
      </symbol>
      <symbol id="sm-825">
         <name>xQueueCreateCountingSemaphore</name>
         <value>0x20006905</value>
         <object_component_ref idref="oc-28d"/>
      </symbol>
      <symbol id="sm-826">
         <name>vQueueDelete</name>
         <value>0x20006ebd</value>
         <object_component_ref idref="oc-28d"/>
      </symbol>
      <symbol id="sm-827">
         <name>xQueueAddToSet</name>
         <value>0x200071ab</value>
         <object_component_ref idref="oc-28d"/>
      </symbol>
      <symbol id="sm-828">
         <name>xQueueAltGenericSend</name>
         <value>0x20006a31</value>
         <object_component_ref idref="oc-28d"/>
      </symbol>
      <symbol id="sm-829">
         <name>xQueueCreateSet</name>
         <value>0x20007197</value>
         <object_component_ref idref="oc-28d"/>
      </symbol>
      <symbol id="sm-82a">
         <name>xQueueRemoveFromSet</name>
         <value>0x200071df</value>
         <object_component_ref idref="oc-28d"/>
      </symbol>
      <symbol id="sm-82b">
         <name>ucQueueGetQueueType</name>
         <value>0x20006f01</value>
         <object_component_ref idref="oc-28d"/>
      </symbol>
      <symbol id="sm-99e">
         <name>vTaskDelay</name>
         <value>0x2000463b</value>
         <object_component_ref idref="oc-8b"/>
      </symbol>
      <symbol id="sm-99f">
         <name>vTaskSuspendAll</name>
         <value>0x20004a9f</value>
         <object_component_ref idref="oc-8b"/>
      </symbol>
      <symbol id="sm-9a0">
         <name>vTaskPriorityInherit</name>
         <value>0x200054e1</value>
         <object_component_ref idref="oc-8b"/>
      </symbol>
      <symbol id="sm-9a1">
         <name>vTaskPlaceOnEventList</name>
         <value>0x20004e55</value>
         <object_component_ref idref="oc-8b"/>
      </symbol>
      <symbol id="sm-9a2">
         <name>vTaskSetTaskNumber</name>
         <value>0x200050ed</value>
         <object_component_ref idref="oc-8b"/>
      </symbol>
      <symbol id="sm-9a3">
         <name>xTaskCheckForTimeOut</name>
         <value>0x20005045</value>
         <object_component_ref idref="oc-8b"/>
      </symbol>
      <symbol id="sm-9a4">
         <name>xTaskRemoveFromUnorderedEventList</name>
         <value>0x20004fb1</value>
         <object_component_ref idref="oc-8b"/>
      </symbol>
      <symbol id="sm-9a5">
         <name>vTaskPrioritySet</name>
         <value>0x2000475d</value>
         <object_component_ref idref="oc-8b"/>
      </symbol>
      <symbol id="sm-9a6">
         <name>vTaskStartScheduler</name>
         <value>0x20004a43</value>
         <object_component_ref idref="oc-8b"/>
      </symbol>
      <symbol id="sm-9a7">
         <name>pcTaskGetTaskName</name>
         <value>0x20004bb5</value>
         <object_component_ref idref="oc-8b"/>
      </symbol>
      <symbol id="sm-9a8">
         <name>vTaskPriorityDisinherit</name>
         <value>0x2000559b</value>
         <object_component_ref idref="oc-8b"/>
      </symbol>
      <symbol id="sm-9a9">
         <name>vTaskDelayUntil</name>
         <value>0x2000459f</value>
         <object_component_ref idref="oc-8b"/>
      </symbol>
      <symbol id="sm-9aa">
         <name>uxTaskGetTaskNumber</name>
         <value>0x200050cd</value>
         <object_component_ref idref="oc-8b"/>
      </symbol>
      <symbol id="sm-9ab">
         <name>vTaskEndScheduler</name>
         <value>0x20004a8d</value>
         <object_component_ref idref="oc-8b"/>
      </symbol>
      <symbol id="sm-9ac">
         <name>vTaskMissedYield</name>
         <value>0x200050bf</value>
         <object_component_ref idref="oc-8b"/>
      </symbol>
      <symbol id="sm-9ad">
         <name>uxTaskGetNumberOfTasks</name>
         <value>0x20004ba9</value>
         <object_component_ref idref="oc-8b"/>
      </symbol>
      <symbol id="sm-9ae">
         <name>uxTaskPriorityGet</name>
         <value>0x20004725</value>
         <object_component_ref idref="oc-8b"/>
      </symbol>
      <symbol id="sm-9af">
         <name>xTaskResumeAll</name>
         <value>0x20004ab1</value>
         <object_component_ref idref="oc-8b"/>
      </symbol>
      <symbol id="sm-9b0">
         <name>xTaskGetTickCount</name>
         <value>0x20004b7d</value>
         <object_component_ref idref="oc-8b"/>
      </symbol>
      <symbol id="sm-9b1">
         <name>xTaskGenericCreate</name>
         <value>0x20004401</value>
         <object_component_ref idref="oc-8b"/>
      </symbol>
      <symbol id="sm-9b2">
         <name>uxTaskGetSystemState</name>
         <value>0x20004bd9</value>
         <object_component_ref idref="oc-8b"/>
      </symbol>
      <symbol id="sm-9b3">
         <name>vTaskDelete</name>
         <value>0x2000450f</value>
         <object_component_ref idref="oc-8b"/>
      </symbol>
      <symbol id="sm-9b4">
         <name>pxCurrentTCB</name>
         <value>0x2001b1a0</value>
         <object_component_ref idref="oc-91"/>
      </symbol>
      <symbol id="sm-9b5">
         <name>eTaskGetState</name>
         <value>0x20004691</value>
         <object_component_ref idref="oc-8b"/>
      </symbol>
      <symbol id="sm-9b6">
         <name>vTaskSuspend</name>
         <value>0x20004861</value>
         <object_component_ref idref="oc-8b"/>
      </symbol>
      <symbol id="sm-9b7">
         <name>xTaskGetIdleTaskHandle</name>
         <value>0x20004c97</value>
         <object_component_ref idref="oc-8b"/>
      </symbol>
      <symbol id="sm-9b8">
         <name>xTaskGetTickCountFromISR</name>
         <value>0x20004b91</value>
         <object_component_ref idref="oc-8b"/>
      </symbol>
      <symbol id="sm-9b9">
         <name>vTaskResume</name>
         <value>0x20004955</value>
         <object_component_ref idref="oc-8b"/>
      </symbol>
      <symbol id="sm-9ba">
         <name>vTaskSetTimeOutState</name>
         <value>0x2000501f</value>
         <object_component_ref idref="oc-8b"/>
      </symbol>
      <symbol id="sm-9bb">
         <name>xTaskIncrementTick</name>
         <value>0x20004cb1</value>
         <object_component_ref idref="oc-8b"/>
      </symbol>
      <symbol id="sm-9bc">
         <name>vTaskSwitchContext</name>
         <value>0x20004dd5</value>
         <object_component_ref idref="oc-8b"/>
      </symbol>
      <symbol id="sm-9bd">
         <name>uxTaskResetEventItemValue</name>
         <value>0x20005625</value>
         <object_component_ref idref="oc-8b"/>
      </symbol>
      <symbol id="sm-9be">
         <name>xTaskGetSchedulerState</name>
         <value>0x200054a9</value>
         <object_component_ref idref="oc-8b"/>
      </symbol>
      <symbol id="sm-9bf">
         <name>xTaskResumeFromISR</name>
         <value>0x200049c9</value>
         <object_component_ref idref="oc-8b"/>
      </symbol>
      <symbol id="sm-9c0">
         <name>xTaskGetCurrentTaskHandle</name>
         <value>0x20005495</value>
         <object_component_ref idref="oc-8b"/>
      </symbol>
      <symbol id="sm-9c1">
         <name>vTaskPlaceOnUnorderedEventList</name>
         <value>0x20004eb9</value>
         <object_component_ref idref="oc-8b"/>
      </symbol>
      <symbol id="sm-9c2">
         <name>xTaskRemoveFromEventList</name>
         <value>0x20004f2d</value>
         <object_component_ref idref="oc-8b"/>
      </symbol>
      <symbol id="sm-9d2">
         <name>pvPortMalloc</name>
         <value>0x2000a3b9</value>
         <object_component_ref idref="oc-fb"/>
      </symbol>
      <symbol id="sm-9d3">
         <name>vPortFree</name>
         <value>0x2000a3d9</value>
         <object_component_ref idref="oc-fb"/>
      </symbol>
      <symbol id="sm-9e9">
         <name>uxListRemove</name>
         <value>0x200094a1</value>
         <object_component_ref idref="oc-eb"/>
      </symbol>
      <symbol id="sm-9ea">
         <name>vListInsert</name>
         <value>0x2000943b</value>
         <object_component_ref idref="oc-eb"/>
      </symbol>
      <symbol id="sm-9eb">
         <name>vListInitialiseItem</name>
         <value>0x200093ef</value>
         <object_component_ref idref="oc-eb"/>
      </symbol>
      <symbol id="sm-9ec">
         <name>vListInsertEnd</name>
         <value>0x200093ff</value>
         <object_component_ref idref="oc-eb"/>
      </symbol>
      <symbol id="sm-9ed">
         <name>vListInitialise</name>
         <value>0x200093bf</value>
         <object_component_ref idref="oc-eb"/>
      </symbol>
      <symbol id="sm-a27">
         <name>GPIOIntEnable</name>
         <value>0x2000a68f</value>
         <object_component_ref idref="oc-2c2"/>
      </symbol>
      <symbol id="sm-a28">
         <name>GPIOIntTypeSet</name>
         <value>0x20009db1</value>
         <object_component_ref idref="oc-2b6"/>
      </symbol>
      <symbol id="sm-a29">
         <name>GPIOIntClear</name>
         <value>0x2000a763</value>
         <object_component_ref idref="oc-2bc"/>
      </symbol>
      <symbol id="sm-a2a">
         <name>GPIOPinRead</name>
         <value>0x2000a6c3</value>
         <object_component_ref idref="oc-2ce"/>
      </symbol>
      <symbol id="sm-a2b">
         <name>GPIODirModeSet</name>
         <value>0x2000a429</value>
         <object_component_ref idref="oc-1cf"/>
      </symbol>
      <symbol id="sm-a2c">
         <name>GPIOPinWrite</name>
         <value>0x2000a5f9</value>
         <object_component_ref idref="oc-2c8"/>
      </symbol>
      <symbol id="sm-aa4">
         <name>IntPrioritySet</name>
         <value>0x2000a121</value>
         <object_component_ref idref="oc-27b"/>
      </symbol>
      <symbol id="sm-aa5">
         <name>IntVTableBaseSet</name>
         <value>0x2000a779</value>
         <object_component_ref idref="oc-13d"/>
      </symbol>
      <symbol id="sm-aa6">
         <name>IntEnable</name>
         <value>0x20009929</value>
         <object_component_ref idref="oc-149"/>
      </symbol>
      <symbol id="sm-aa7">
         <name>IntDisable</name>
         <value>0x20009881</value>
         <object_component_ref idref="oc-281"/>
      </symbol>
      <symbol id="sm-aa8">
         <name>IntRegister</name>
         <value>0x2000a619</value>
         <object_component_ref idref="oc-275"/>
      </symbol>
      <symbol id="sm-aa9">
         <name>IntUnregister</name>
         <value>0x2000a545</value>
         <object_component_ref idref="oc-287"/>
      </symbol>
      <symbol id="sm-aaa">
         <name>IntMasterEnable</name>
         <value>0x2000a7dd</value>
         <object_component_ref idref="oc-143"/>
      </symbol>
      <symbol id="sm-ae1">
         <name>PinTypeUART</name>
         <value>0x2000a6a9</value>
         <object_component_ref idref="oc-26e"/>
      </symbol>
      <symbol id="sm-ae2">
         <name>PinTypeGPIO</name>
         <value>0x2000a45f</value>
         <object_component_ref idref="oc-1bd"/>
      </symbol>
      <symbol id="sm-ae3">
         <name>PinConfigSet</name>
         <value>0x20009b95</value>
         <object_component_ref idref="oc-1c3"/>
      </symbol>
      <symbol id="sm-ae4">
         <name>PinModeSet</name>
         <value>0x2000a2fd</value>
         <object_component_ref idref="oc-2ab"/>
      </symbol>
      <symbol id="sm-b6a">
         <name>PRCMPeripheralReset</name>
         <value>0x2000a0c9</value>
         <object_component_ref idref="oc-261"/>
      </symbol>
      <symbol id="sm-b6b">
         <name>PRCMPeripheralClkEnable</name>
         <value>0x2000a37d</value>
         <object_component_ref idref="oc-25b"/>
      </symbol>
      <symbol id="sm-b6c">
         <name>PRCMPeripheralClockGet</name>
         <value>0x20009a6d</value>
         <object_component_ref idref="oc-1f8"/>
      </symbol>
      <symbol id="sm-b6d">
         <name>PRCMCC3200MCUInit</name>
         <value>0x20009111</value>
         <object_component_ref idref="oc-14f"/>
      </symbol>
      <symbol id="sm-b6e">
         <name>PRCMHIBRegWrite</name>
         <value>0x2000a723</value>
         <object_component_ref idref="oc-255"/>
      </symbol>
      <symbol id="sm-b6f">
         <name>PRCMSysResetCauseGet</name>
         <value>0x2000a4f1</value>
         <object_component_ref idref="oc-249"/>
      </symbol>
      <symbol id="sm-b70">
         <name>PRCMPeripheralClkDisable</name>
         <value>0x2000a51d</value>
         <object_component_ref idref="oc-267"/>
      </symbol>
      <symbol id="sm-b71">
         <name>PRCMHIBRegRead</name>
         <value>0x2000a70d</value>
         <object_component_ref idref="oc-24f"/>
      </symbol>
      <symbol id="sm-bad">
         <name>UARTConfigSetExpClk</name>
         <value>0x20009ead</value>
         <object_component_ref idref="oc-1fe"/>
      </symbol>
      <symbol id="sm-bae">
         <name>UARTDisable</name>
         <value>0x2000a491</value>
         <object_component_ref idref="oc-2e9"/>
      </symbol>
      <symbol id="sm-baf">
         <name>UARTCharsAvail</name>
         <value>0x2000a6db</value>
         <object_component_ref idref="oc-210"/>
      </symbol>
      <symbol id="sm-bb0">
         <name>UARTCharGetNonBlocking</name>
         <value>0x2000a657</value>
         <object_component_ref idref="oc-216"/>
      </symbol>
      <symbol id="sm-bb1">
         <name>UARTCharPut</name>
         <value>0x2000a639</value>
         <object_component_ref idref="oc-204"/>
      </symbol>
      <symbol id="sm-bb2">
         <name>UARTEnable</name>
         <value>0x2000a569</value>
         <object_component_ref idref="oc-2ef"/>
      </symbol>
      <symbol id="sm-bb6">
         <name>UtilsDelay</name>
         <value>0x2000a7ef</value>
         <object_component_ref idref="oc-13c"/>
      </symbol>
      <symbol id="sm-bc0">
         <name>CPUcpsie</name>
         <value>0x2000a74f</value>
         <object_component_ref idref="oc-239"/>
      </symbol>
      <symbol id="sm-bc2">
         <name>__TI_static_base__</name>
         <value>0x2000abf8</value>
      </symbol>
      <symbol id="sm-bc5">
         <name>SHT$$INIT_ARRAY$$Limit</name>
         <value>0x0</value>
      </symbol>
      <symbol id="sm-bc6">
         <name>SHT$$INIT_ARRAY$$Base</name>
         <value>0x0</value>
      </symbol>
   </symbol_table>
   <title>Link successful</title>
</link_info>
